// Vitest Snapshot v1, https://vitest.dev/guide/snapshot.html

exports[`contributors > should skip authors 1`] = `
"## v1.0.0


### 🚀 Enhancements

- **scope:** Add feature

### 🩹 Fixes

- **scope:** Resolve bug

### 📖 Documentation

- **scope:** Update documentation

### 🏡 Chore

- **scope:** Update dependencies"
`;
